===== Run 1 =====
Test (3C): basic persistence (reliable network)...
  ... Passed --  time  3.3s #peers 3 #RPCs   110 #Ops    0
Test (3C): more persistence (reliable network)...
  ... Passed --  time 11.6s #peers 5 #RPCs   580 #Ops    0
Test (3C): partitioned leader and one follower crash, leader restarts (reliable network)...
  ... Passed --  time  1.6s #peers 3 #RPCs    52 #Ops    0
Test (3C): Figure 8 (reliable network)...
  ... Passed --  time 32.0s #peers 5 #RPCs  1708 #Ops    0
Test (3C): unreliable agreement (unreliable network)...
  ... Passed --  time 11.4s #peers 5 #RPCs   908 #Ops    0
Test (3C): Figure 8 (unreliable) (unreliable network)...
  ... Passed --  time 35.3s #peers 5 #RPCs  5168 #Ops    0
Test (3C): churn (reliable network)...
  ... Passed --  time 16.9s #peers 5 #RPCs  1764 #Ops    0
Test (3C): unreliable churn (unreliable network)...
info: wrote visualization to /var/folders/ds/pgp80c_x7zq1q603hvq229ph0000gn/T/porcupine-1060072155.html
exit status 1
FAIL	6.5840/raft1	117.509s
===== Run 2 =====
