===== Run 1 =====
Test (3A): initial election (reliable network)...
  ... Passed --  time  3.0s #peers 3 #RPCs   120 #Ops    0
Test (3A): election after network failure (reliable network)...
  ... Passed --  time  4.5s #peers 3 #RPCs   224 #Ops    0
Test (3A): multiple elections (reliable network)...
  ... Passed --  time  5.7s #peers 7 #RPCs  1302 #Ops    0
PASS
ok  	6.5840/raft1	14.804s
===== Run 2 =====
Test (3A): initial election (reliable network)...
  ... Passed --  time  3.1s #peers 3 #RPCs   124 #Ops    0
Test (3A): election after network failure (reliable network)...
  ... Passed --  time  4.4s #peers 3 #RPCs   214 #Ops    0
Test (3A): multiple elections (reliable network)...
  ... Passed --  time  5.3s #peers 7 #RPCs   984 #Ops    0
PASS
ok  	6.5840/raft1	14.401s
===== Run 3 =====
Test (3A): initial election (reliable network)...
  ... Passed --  time  3.0s #peers 3 #RPCs   120 #Ops    0
Test (3A): election after network failure (reliable network)...
  ... Passed --  time  4.5s #peers 3 #RPCs   236 #Ops    0
Test (3A): multiple elections (reliable network)...
  ... Passed --  time  5.5s #peers 7 #RPCs   930 #Ops    0
PASS
ok  	6.5840/raft1	14.644s
===== Run 4 =====
Test (3A): initial election (reliable network)...
  ... Passed --  time  3.1s #peers 3 #RPCs   116 #Ops    0
Test (3A): election after network failure (reliable network)...
  ... Passed --  time  4.5s #peers 3 #RPCs   228 #Ops    0
Test (3A): multiple elections (reliable network)...
  ... Passed --  time  5.5s #peers 7 #RPCs   960 #Ops    0
PASS
ok  	6.5840/raft1	14.743s
===== Run 5 =====
Test (3A): initial election (reliable network)...
  ... Passed --  time  3.1s #peers 3 #RPCs   120 #Ops    0
Test (3A): election after network failure (reliable network)...
  ... Passed --  time  4.5s #peers 3 #RPCs   214 #Ops    0
Test (3A): multiple elections (reliable network)...
  ... Passed --  time  5.3s #peers 7 #RPCs  1146 #Ops    0
PASS
ok  	6.5840/raft1	14.526s
===== Run 6 =====
Test (3A): initial election (reliable network)...
  ... Passed --  time  3.0s #peers 3 #RPCs   116 #Ops    0
Test (3A): election after network failure (reliable network)...
