===== Run 1 =====
Test (3C): basic persistence (reliable network)...
  ... Passed --  time  3.0s #peers 3 #RPCs   106 #Ops    0
Test (3C): more persistence (reliable network)...
  ... Passed --  time 11.6s #peers 5 #RPCs   556 #Ops    0
Test (3C): partitioned leader and one follower crash, leader restarts (reliable network)...
  ... Passed --  time  1.4s #peers 3 #RPCs    48 #Ops    0
Test (3C): Figure 8 (reliable network)...
  ... Passed --  time 27.7s #peers 5 #RPCs  1508 #Ops    0
Test (3C): unreliable agreement (unreliable network)...
  ... Passed --  time  7.5s #peers 5 #RPCs   596 #Ops    0
Test (3C): Figure 8 (unreliable) (unreliable network)...
  ... Passed --  time 34.8s #peers 5 #RPCs  3904 #Ops    0
Test (3C): churn (reliable network)...
  ... Passed --  time 18.7s #peers 5 #RPCs  1408 #Ops    0
Test (3C): unreliable churn (unreliable network)...
  ... Passed --  time 17.2s #peers 5 #RPCs  1280 #Ops    0
PASS
ok  	6.5840/aa	122.467s
===== Run 2 =====
Test (3C): basic persistence (reliable network)...
  ... Passed --  time  3.3s #peers 3 #RPCs   112 #Ops    0
Test (3C): more persistence (reliable network)...
  ... Passed --  time 11.8s #peers 5 #RPCs   540 #Ops    0
Test (3C): partitioned leader and one follower crash, leader restarts (reliable network)...
  ... Passed --  time  1.3s #peers 3 #RPCs    50 #Ops    0
Test (3C): Figure 8 (reliable network)...
  ... Passed --  time 33.9s #peers 5 #RPCs  1920 #Ops    0
Test (3C): unreliable agreement (unreliable network)...
  ... Passed --  time  8.9s #peers 5 #RPCs   692 #Ops    0
Test (3C): Figure 8 (unreliable) (unreliable network)...
  ... Passed --  time 35.3s #peers 5 #RPCs  5212 #Ops    0
Test (3C): churn (reliable network)...
  ... Passed --  time 18.3s #peers 5 #RPCs  1360 #Ops    0
Test (3C): unreliable churn (unreliable network)...
  ... Passed --  time 17.5s #peers 5 #RPCs  1208 #Ops    0
PASS
ok  	6.5840/aa	133.364s
===== Run 3 =====
Test (3C): basic persistence (reliable network)...
  ... Passed --  time  3.2s #peers 3 #RPCs   116 #Ops    0
Test (3C): more persistence (reliable network)...
  ... Passed --  time 11.4s #peers 5 #RPCs   548 #Ops    0
Test (3C): partitioned leader and one follower crash, leader restarts (reliable network)...
  ... Passed --  time  1.2s #peers 3 #RPCs    48 #Ops    0
Test (3C): Figure 8 (reliable network)...
  ... Passed --  time 37.6s #peers 5 #RPCs  1956 #Ops    0
Test (3C): unreliable agreement (unreliable network)...
  ... Passed --  time  7.3s #peers 5 #RPCs   572 #Ops    0
Test (3C): Figure 8 (unreliable) (unreliable network)...
  ... Passed --  time 42.0s #peers 5 #RPCs  7280 #Ops    0
Test (3C): churn (reliable network)...
  ... Passed --  time 18.9s #peers 5 #RPCs  1504 #Ops    0
Test (3C): unreliable churn (unreliable network)...
  ... Passed --  time 16.5s #peers 5 #RPCs  1116 #Ops    0
PASS
ok  	6.5840/aa	138.714s
===== Run 4 =====
Test (3C): basic persistence (reliable network)...
  ... Passed --  time  2.8s #peers 3 #RPCs   102 #Ops    0
Test (3C): more persistence (reliable network)...
  ... Passed --  time 11.8s #peers 5 #RPCs   560 #Ops    0
Test (3C): partitioned leader and one follower crash, leader restarts (reliable network)...
  ... Passed --  time  1.3s #peers 3 #RPCs    48 #Ops    0
Test (3C): Figure 8 (reliable network)...
  ... Passed --  time 29.9s #peers 5 #RPCs  1436 #Ops    0
Test (3C): unreliable agreement (unreliable network)...
  ... Passed --  time  5.5s #peers 5 #RPCs   436 #Ops    0
Test (3C): Figure 8 (unreliable) (unreliable network)...
  ... Passed --  time 35.3s #peers 5 #RPCs  5360 #Ops    0
Test (3C): churn (reliable network)...
  ... Passed --  time 17.8s #peers 5 #RPCs  1196 #Ops    0
Test (3C): unreliable churn (unreliable network)...
  ... Passed --  time 18.0s #peers 5 #RPCs  1396 #Ops    0
PASS
ok  	6.5840/aa	122.917s
===== Run 5 =====
Test (3C): basic persistence (reliable network)...
  ... Passed --  time  4.9s #peers 3 #RPCs   176 #Ops    0
Test (3C): more persistence (reliable network)...
  ... Passed --  time 11.9s #peers 5 #RPCs   580 #Ops    0
Test (3C): partitioned leader and one follower crash, leader restarts (reliable network)...
  ... Passed --  time  1.6s #peers 3 #RPCs    52 #Ops    0
Test (3C): Figure 8 (reliable network)...
  ... Passed --  time 27.5s #peers 5 #RPCs  1468 #Ops    0
Test (3C): unreliable agreement (unreliable network)...
  ... Passed --  time  8.9s #peers 5 #RPCs   680 #Ops    0
Test (3C): Figure 8 (unreliable) (unreliable network)...
  ... Passed --  time 30.4s #peers 5 #RPCs  5080 #Ops    0
Test (3C): churn (reliable network)...
  ... Passed --  time 16.3s #peers 5 #RPCs  1296 #Ops    0
Test (3C): unreliable churn (unreliable network)...
  ... Passed --  time 17.6s #peers 5 #RPCs  1412 #Ops    0
PASS
ok  	6.5840/aa	119.778s
===== Run 6 =====
Test (3C): basic persistence (reliable network)...
  ... Passed --  time  3.3s #peers 3 #RPCs   106 #Ops    0
Test (3C): more persistence (reliable network)...
  ... Passed --  time 11.4s #peers 5 #RPCs   556 #Ops    0
Test (3C): partitioned leader and one follower crash, leader restarts (reliable network)...
  ... Passed --  time  1.5s #peers 3 #RPCs    50 #Ops    0
Test (3C): Figure 8 (reliable network)...
  ... Passed --  time 32.8s #peers 5 #RPCs  1736 #Ops    0
Test (3C): unreliable agreement (unreliable network)...
  ... Passed --  time  7.7s #peers 5 #RPCs   592 #Ops    0
Test (3C): Figure 8 (unreliable) (unreliable network)...
  ... Passed --  time 40.2s #peers 5 #RPCs  6108 #Ops    0
Test (3C): churn (reliable network)...
  ... Passed --  time 17.3s #peers 5 #RPCs  1232 #Ops    0
Test (3C): unreliable churn (unreliable network)...
  ... Passed --  time 18.0s #peers 5 #RPCs  1876 #Ops    0
PASS
ok  	6.5840/aa	132.758s
===== Run 7 =====
Test (3C): basic persistence (reliable network)...
  ... Passed --  time  3.3s #peers 3 #RPCs   112 #Ops    0
Test (3C): more persistence (reliable network)...
  ... Passed --  time 11.7s #peers 5 #RPCs   548 #Ops    0
Test (3C): partitioned leader and one follower crash, leader restarts (reliable network)...
  ... Passed --  time  1.4s #peers 3 #RPCs    50 #Ops    0
Test (3C): Figure 8 (reliable network)...
  ... Passed --  time 35.1s #peers 5 #RPCs  1816 #Ops    0
Test (3C): unreliable agreement (unreliable network)...
  ... Passed --  time  7.5s #peers 5 #RPCs   592 #Ops    0
Test (3C): Figure 8 (unreliable) (unreliable network)...
  ... Passed --  time 39.2s #peers 5 #RPCs  6680 #Ops    0
Test (3C): churn (reliable network)...
  ... Passed --  time 16.6s #peers 5 #RPCs  1396 #Ops    0
Test (3C): unreliable churn (unreliable network)...
  ... Passed --  time 17.0s #peers 5 #RPCs  1004 #Ops    0
PASS
ok  	6.5840/aa	132.163s
===== Run 8 =====
Test (3C): basic persistence (reliable network)...
  ... Passed --  time  3.5s #peers 3 #RPCs   114 #Ops    0
Test (3C): more persistence (reliable network)...
  ... Passed --  time 11.8s #peers 5 #RPCs   584 #Ops    0
Test (3C): partitioned leader and one follower crash, leader restarts (reliable network)...
  ... Passed --  time  1.4s #peers 3 #RPCs    48 #Ops    0
Test (3C): Figure 8 (reliable network)...
  ... Passed --  time 32.2s #peers 5 #RPCs  1620 #Ops    0
Test (3C): unreliable agreement (unreliable network)...
  ... Passed --  time  5.5s #peers 5 #RPCs   436 #Ops    0
Test (3C): Figure 8 (unreliable) (unreliable network)...
  ... Passed --  time 35.4s #peers 5 #RPCs  5664 #Ops    0
Test (3C): churn (reliable network)...
  ... Passed --  time 18.3s #peers 5 #RPCs  1492 #Ops    0
Test (3C): unreliable churn (unreliable network)...
  ... Passed --  time 18.0s #peers 5 #RPCs  1440 #Ops    0
PASS
ok  	6.5840/aa	126.663s
===== Run 9 =====
Test (3C): basic persistence (reliable network)...
  ... Passed --  time  3.2s #peers 3 #RPCs   110 #Ops    0
Test (3C): more persistence (reliable network)...
  ... Passed --  time 11.6s #peers 5 #RPCs   564 #Ops    0
Test (3C): partitioned leader and one follower crash, leader restarts (reliable network)...
  ... Passed --  time  1.5s #peers 3 #RPCs    50 #Ops    0
Test (3C): Figure 8 (reliable network)...
  ... Passed --  time 31.8s #peers 5 #RPCs  1684 #Ops    0
Test (3C): unreliable agreement (unreliable network)...
  ... Passed --  time  5.2s #peers 5 #RPCs   408 #Ops    0
Test (3C): Figure 8 (unreliable) (unreliable network)...
  ... Passed --  time 32.0s #peers 5 #RPCs  5716 #Ops    0
Test (3C): churn (reliable network)...
  ... Passed --  time 16.5s #peers 5 #RPCs  1376 #Ops    0
Test (3C): unreliable churn (unreliable network)...
  ... Passed --  time 17.3s #peers 5 #RPCs  1572 #Ops    0
PASS
ok  	6.5840/aa	119.574s
===== Run 10 =====
Test (3C): basic persistence (reliable network)...
  ... Passed --  time  4.6s #peers 3 #RPCs   139 #Ops    0
Test (3C): more persistence (reliable network)...
  ... Passed --  time 15.2s #peers 5 #RPCs   699 #Ops    0
Test (3C): partitioned leader and one follower crash, leader restarts (reliable network)...
  ... Passed --  time  2.0s #peers 3 #RPCs    58 #Ops    0
Test (3C): Figure 8 (reliable network)...
  ... Passed --  time 24.4s #peers 5 #RPCs   928 #Ops    0
Test (3C): unreliable agreement (unreliable network)...
  ... Passed --  time  7.2s #peers 5 #RPCs   449 #Ops    0
Test (3C): Figure 8 (unreliable) (unreliable network)...
Fatal: one(9704) failed to reach agreement
        /Users/ximenfeixue/Desktop/ubantu/6.5840/src/aa/test.go:284
        /Users/ximenfeixue/Desktop/ubantu/6.5840/src/aa/raft_test.go:1083
info: wrote visualization to /var/folders/ds/pgp80c_x7zq1q603hvq229ph0000gn/T/porcupine-1631653401.html
--- FAIL: TestFigure8Unreliable3C (41.94s)
Test (3C): churn (reliable network)...
  ... Passed --  time 16.2s #peers 5 #RPCs  1136 #Ops    0
Test (3C): unreliable churn (unreliable network)...
  ... Passed --  time 16.3s #peers 5 #RPCs   744 #Ops    0
FAIL
exit status 1
FAIL	6.5840/aa	128.349s
