===== Run 1 =====
Test (3B): basic agreement (reliable network)...
  ... Passed --  time  0.3s #peers 3 #RPCs    18 #Ops    0
Test (3B): RPC byte count (reliable network)...
  ... Passed --  time  0.8s #peers 3 #RPCs    48 #Ops    0
Test (3B): test progressive failure of followers (reliable network)...
  ... Passed --  time  4.2s #peers 3 #RPCs   200 #Ops    0
Test (3B): test failure of leaders (reliable network)...
  ... Passed --  time  4.5s #peers 3 #RPCs   342 #Ops    0
Test (3B): agreement after follower reconnects (reliable network)...
  ... Passed --  time  3.7s #peers 3 #RPCs   142 #Ops    0
Test (3B): no agreement if too many followers disconnect (reliable network)...
  ... Passed --  time  3.3s #peers 5 #RPCs   341 #Ops    0
Test (3B): concurrent Start()s (reliable network)...
  ... Passed --  time  0.6s #peers 3 #RPCs    22 #Ops    0
Test (3B): rejoin of partitioned leader (reliable network)...
  ... Passed --  time  8.9s #peers 3 #RPCs   459 #Ops    0
Test (3B): leader backs up quickly over incorrect follower logs (reliable network)...
  ... Passed --  time 13.9s #peers 5 #RPCs  2086 #Ops    0
Test (3B): RPC counts aren't too high (reliable network)...
  ... Passed --  time  2.2s #peers 3 #RPCs    88 #Ops    0
PASS
ok  	6.5840/lab3-B	46.753s
===== Run 2 =====
Test (3B): basic agreement (reliable network)...
  ... Passed --  time  0.3s #peers 3 #RPCs    16 #Ops    0
Test (3B): RPC byte count (reliable network)...
  ... Passed --  time  0.8s #peers 3 #RPCs    50 #Ops    0
Test (3B): test progressive failure of followers (reliable network)...
  ... Passed --  time  4.3s #peers 3 #RPCs   205 #Ops    0
Test (3B): test failure of leaders (reliable network)...
